---
source: tests/error_snapshots.rs
expression: serialized
---
[
  "Domain error: Missing required field: model",
  "Provider not found: openai",
  "Provider disabled: anthropic",
  "Account not found: acc_123",
  "Account disabled: acc_456",
  "Domain error: model_not_found: gpt-5",
  "Invalid credentials",
  "External service error: Too many requests",
  "Domain error: validation_error: Temperature must be between 0 and 2"
]
